07-31 14:20:41.408   917   917 I sensors : activate
07-31 14:20:41.408   513  3227 D audio_hw_primary: adev_set_parameters: enter: screen_state=on
07-31 14:20:41.408   917   937 I sensors : batch
07-31 14:20:41.409   917   937 I sensors : activate
07-31 14:20:41.409   917   935 I DisplayManagerService: Display device changed state: "Built-in Screen", ON
07-31 14:20:41.412   917  5087 V KeyguardServiceDelegate: **** SHOWN CALLED ****
07-31 14:20:41.412   381   381 D SurfaceFlinger: Set power mode=2, type=0 flinger=0x7fae343c00
07-31 14:20:41.412   381   381 D qdhwcomposer: hwc_setPowerMode: Setting mode 2 on display: 0
07-31 14:20:41.418   917  2857 I hubconnection: sensorhub said: 'batch 31 flags:0, sampling_rate_Hz:15.00, max_report_latency_us:0'
07-31 14:20:41.420   917  2857 I hubconnection: sensorhub said: 'activate 31 enable:1'
07-31 14:20:41.422   917  2857 I hubconnection: sensorhub said: 'batch 7 flags:0, sampling_rate_Hz:4.00, max_report_latency_us:0'
07-31 14:20:41.424   917  2992 D ConnectivityService: notifyType CAP_CHANGED for NetworkAgentInfo [WIFI () - 103]
07-31 14:20:41.424   917  2857 I hubconnection: sensorhub said: 'activate 7 enable:1'
07-31 14:20:41.425   917  2990 E native  : do suspend false
07-31 14:20:41.450   917  2990 D WifiConfigStore: No blacklist allowed without epno enabled
07-31 14:20:41.450  3492  3694 D BrcmNfcJni: RoutingManager::nfaEeCallback: NFA_EE_SET_TECH_CFG_EVT; status=0x0
07-31 14:20:41.450  3492  3694 D BrcmNfcJni: RoutingManager::nfaEeCallback: NFA_EE_SET_PROTO_CFG_EVT; status=0x0
07-31 14:20:41.450  3492  5631 D BrcmNfcJni: RoutingManager::commitRouting
07-31 14:20:41.451  3492  3694 D BrcmNfcJni: RoutingManager::nfaEeCallback: NFA_EE_UPDATED_EVT
07-31 14:20:41.461  5024  5038 D QcrilMsgTunnelSocket: readRilMessage: Buffer = [B@9e50652 HexData = [01000000040400001c000000514f454d484f4f4b132009000c0000000500000057000000c30b0000]
07-31 14:20:41.462  5024  5038 D QcrilMsgTunnelSocket: Rcvd UNSOL response with 36 bytes data for SUB0
07-31 14:20:41.462  5024  5038 D QcrilMsgTunnelSocket: RF_Band_Info recv 
07-31 14:20:41.462  5024  5038 D QcrilMsgTunnelSocket: Broadcaseting RadioInfo : 5ActiveBand : 87ActiveChannel : 3011
07-31 14:20:41.462  5024  5038 D QcrilMsgTunnelSocket: Broadcasting intent broadcastRfBandInfo
07-31 14:20:41.465  4988  5037 E SarMIPIManager: handleMIPI:not match,use the default MIPI:454
07-31 14:20:41.465  4988  5037 D QC_RIL_OEM_HOOK: qcRilSetMipiFreq: clkrate : 908000000
07-31 14:20:41.466  4988  5037 V QC_RIL_OEM_HOOK: sendRilOemHookMsgAsync: Outgoing Data is 514f454d484f4f4b142009000400000000fb1e36
07-31 14:20:41.466  5024  5024 D QcrilMsgTunnelIfaceManager: handleMessage what = 3
07-31 14:20:41.466  5024  5024 D QcrilMsgTunnelSocket: [1173] > OEM_HOOK_RAW[514f454d484f4f4b142009000400000000fb1e36]
07-31 14:20:41.466  3509  4581 D ScreenStateRecorder : ScreenStateRecorderHandler, handleMessage msg.what = 1
07-31 14:20:41.467  3509  4581 D         : oem_qmi_lib:come into oem_qmi_common_stream_from_modem_len --->modem 
07-31 14:20:41.467  3509  4581 D         : oem_qmi_lib:oem_qmi_cmd: Send to server  passed!!
07-31 14:20:41.467   526  1144 D         : oem-qmi: Connection accepted
07-31 14:20:41.467   526  1144 D         : oem-qmi: Waiting to accept connection
07-31 14:20:41.468  5024  5038 D QcrilMsgTunnelSocket: readRilMessage: Buffer = [B@9e50652 HexData = [000000009504000000000000ffffffff]
07-31 14:20:41.469  5024  5038 D QcrilMsgTunnelSocket: Rcvd SOLICITED response with 12 bytes data for SUB0
07-31 14:20:41.470  5024  5038 D QcrilMsgTunnelSocket: [1173] < OEM_HOOK_RAW [null]
07-31 14:20:41.470  5024  5024 D QcrilMsgTunnelIfaceManager: handleMessage what = 4
07-31 14:20:41.470  3509  4581 D         : oem_qmi_lib:output 0
07-31 14:20:41.471  3509  4581 D         : oem_qmi_lib:rapi_event_type=10057, qmi_ret=0, return_status=1. 
07-31 14:20:41.471  4988  5006 D QC_RIL_OEM_HOOK: qcRilSetMipiFreq DONE!
07-31 14:20:41.493   917   931 I sensors : flush
07-31 14:20:41.494   917   937 I DisplayPowerController: Unblocked screen on after 88 ms
07-31 14:20:41.498   917   937 V KeyguardServiceDelegate: onScreenTurnedOn()
07-31 14:20:41.498   917   937 I DreamManagerService: Gently waking up from dream.
07-31 14:20:41.499   917  5087 I DreamManagerService: Leaving dreamland.
07-31 14:20:41.500   917   932 I DreamController: Stopping dream: name=ComponentInfo{com.android.systemui/com.android.systemui.doze.DozeService}, isTest=false, canDoze=true, userId=0
07-31 14:20:41.500   917  2857 I hubconnection: sensorhub said: 'flush 31'
07-31 14:20:41.500   917  2857 I hubconnection: saw sensor 31 flushed
07-31 14:20:41.501   917   927 I sensors : activate
07-31 14:20:41.507   917  2857 I hubconnection: sensorhub said: 'activate 21 enable:0'
07-31 14:20:41.521  3091  3091 W PathParser: Points are too far apart 4.030360828967057
07-31 14:20:41.522  3091  3091 W PathParser: Points are too far apart 4.030360538880159
07-31 14:20:41.582 28877 28877 W irq/504-synapti: type=1400 audit(0.0:760): avc: granted { setsched } for scontext=u:r:kernel:s0 tcontext=u:r:kernel:s0 tclass=process
07-31 14:20:41.590   381   480 I qdhwcomposer: handle_blank_event: dpy:0 panel power state: 1
07-31 14:20:41.593   381   381 D qdhwcomposer: hwc_setPowerMode: Done setting mode 2 on display 0
07-31 14:20:41.593   917  3059 D SurfaceControl: Excessive delay in setPowerMode(): 184ms
07-31 14:20:41.893 28147 28147 W Atfwd_Sendcmd: AtCmdFwd service not published, waiting... retryCnt : 2
07-31 14:20:44.469   917  2992 D ConnectivityService: notifyType CAP_CHANGED for NetworkAgentInfo [WIFI () - 103]
07-31 14:20:44.478   917  2992 D ConnectivityService: updateNetworkScore for NetworkAgentInfo [WIFI () - 103] to 60
07-31 14:20:47.518   917  2992 D ConnectivityService: updateNetworkScore for NetworkAgentInfo [WIFI () - 103] to 56
07-31 14:20:51.378   917   937 I PowerManagerService: Going to sleep due to screen timeout (uid 1000)...
07-31 14:20:51.895 28147 28147 I ServiceManager: Waiting for service AtCmdFwd...
07-31 14:20:51.970   917   937 I sensors : batch
07-31 14:20:51.971   917   937 V KeyguardServiceDelegate: onScreenTurnedOff()
07-31 14:20:51.971   917   937 I sensors : activate
07-31 14:20:51.974   381   381 D SurfaceFlinger: Set power mode=0, type=0 flinger=0x7fae343c00
07-31 14:20:51.974   917   935 I DisplayManagerService: Display device changed state: "Built-in Screen", OFF
07-31 14:20:51.975   381   381 D qdhwcomposer: hwc_setPowerMode: Setting mode 0 on display: 0
07-31 14:20:51.978   917  2857 I hubconnection: sensorhub said: 'batch 31 flags:0, sampling_rate_Hz:15.00, max_report_latency_us:0'
07-31 14:20:51.982   917  2857 I hubconnection: sensorhub said: 'activate 7 enable:0'
07-31 14:20:52.289   381   480 I qdhwcomposer: handle_blank_event: dpy:0 panel power state: 0
07-31 14:20:52.293   381   381 D qdhwcomposer: hwc_setPowerMode: Done setting mode 0 on display 0
07-31 14:20:52.295   917  3059 D SurfaceControl: Excessive delay in setPowerMode(): 321ms
07-31 14:20:52.300   917   937 I DreamManagerService: Entering dreamland.
07-31 14:20:52.300   917   937 I PowerManagerService: Dozing...
07-31 14:20:52.302   917   932 I DreamController: Starting dream: name=ComponentInfo{com.android.systemui/com.android.systemui.doze.DozeService}, isTest=false, canDoze=true, userId=0
07-31 14:20:52.327   917  3128 I sensors : batch
07-31 14:20:52.327   917  3128 I sensors : activate
07-31 14:20:52.335   917  2857 I hubconnection: sensorhub said: 'batch 21 flags:0, sampling_rate_Hz:1000.00, max_report_latency_us:0'
07-31 14:20:52.337   917  2857 I hubconnection: sensorhub said: 'activate 21 enable:1'
07-31 14:20:52.344   917   917 I sensors : activate
07-31 14:20:52.345  3091  3091 D PhoneStatusBar: disable: < expand ICONS alerts SYSTEM_INFO back HOME RECENT clock SEARCH quick_settings >
07-31 14:20:52.345   513   513 D audio_hw_primary: adev_set_parameters: enter: screen_state=off
07-31 14:20:52.351   917  2857 I hubconnection: sensorhub said: 'activate 31 enable:0'
07-31 14:20:52.360   917  2990 E native  : do suspend true
07-31 14:20:52.408  3509  4581 D ScreenStateRecorder : ScreenStateRecorderHandler, handleMessage msg.what = 2
07-31 14:20:52.408  3509  4581 D         : oem_qmi_lib:come into oem_qmi_common_stream_from_modem_len --->modem 
07-31 14:20:52.408  3509  4581 D         : oem_qmi_lib:oem_qmi_cmd: Send to server  passed!!
07-31 14:20:52.408   526  1144 D         : oem-qmi: Connection accepted
07-31 14:20:52.408   526  1144 D         : oem-qmi: Waiting to accept connection
07-31 14:20:52.412  3509  4581 D         : oem_qmi_lib:output 0
07-31 14:20:52.413  3509  4581 D         : oem_qmi_lib:rapi_event_type=10057, qmi_ret=0, return_status=1. 
07-31 14:20:52.898 28147 28147 I ServiceManager: Waiting for service AtCmdFwd...
07-31 14:20:53.902 28147 28147 I ServiceManager: Waiting for service AtCmdFwd...
07-31 14:20:54.903 28147 28147 I ServiceManager: Waiting for service AtCmdFwd...
07-31 14:20:55.904 28147 28147 I ServiceManager: Waiting for service AtCmdFwd...
07-31 14:20:56.905 28147 28147 W Atfwd_Sendcmd: AtCmdFwd service not published, waiting... retryCnt : 3
07-31 14:21:00.120   917 19295 D NetlinkSocketObserver: NeighborEvent{elapsedMs=86779911, 192.168.2.254, [38D82F25F08B], RTM_NEWNEIGH, NUD_PROBE}
07-31 14:21:01.921   917  2990 D WifiStateMachine: L2Connected CMD_START_SCAN source -2 410, 411 -> obsolete
07-31 14:21:02.022 28927 28927 D AndroidRuntime: >>>>>> START com.android.internal.os.RuntimeInit uid 2000 <<<<<<
07-31 14:21:02.027 28927 28927 D AndroidRuntime: CheckJNI is OFF
07-31 14:21:02.058 28927 28927 D ICU     : No timezone override file found: /data/misc/zoneinfo/current/icu/icu_tzdata.dat
07-31 14:21:02.103 28927 28927 I Radio-JNI: register_android_hardware_Radio DONE
07-31 14:21:02.120 28927 28927 D AndroidRuntime: Calling main entry com.android.commands.am.Am
07-31 14:21:02.122   917   927 I ActivityManager: Force stopping appteam.nith.hillffair appid=10135 user=0: from pid 28927
07-31 14:21:02.122   917   927 I ActivityManager: Killing 28701:appteam.nith.hillffair/u0a135 (adj 0): stop appteam.nith.hillffair
07-31 14:21:02.182   917   928 I WindowState: WIN DEATH: Window{a1de308 u0 appteam.nith.hillffair/appteam.nith.hillffair.activities.WelcomeActivity}
07-31 14:21:02.182   917  3128 D GraphicsStats: Buffer count: 8
07-31 14:21:02.215   917   927 I ActivityManager: Start proc 28936:appteam.nith.hillffair/u0a135 for activity appteam.nith.hillffair/.activities.WelcomeActivity
07-31 14:21:02.215 28936 28936 I art     : Late-enabling -Xcheck:jni
07-31 14:21:02.216   917   927 I ActivityManager:   Force finishing activity ActivityRecord{4e6d11c u0 appteam.nith.hillffair/.activities.WelcomeActivity t351}
07-31 14:21:02.225 28927 28927 D AndroidRuntime: Shutting down VM
07-31 14:21:02.225   917  3373 W ActivityManager: Spurious death for ProcessRecord{739980 0:appteam.nith.hillffair/u0a135}, curProc for 28701: null
07-31 14:21:02.252 28936 28936 W System  : ClassLoader referenced unknown path: /data/app/appteam.nith.hillffair-1/lib/arm64
07-31 14:21:02.268 28936 28936 W OneSignal: GCM Library detected, please upgrade to Firebase FCM library as GCM is deprecated!
07-31 14:21:03.975 28968 28968 D AndroidRuntime: >>>>>> START com.android.internal.os.RuntimeInit uid 2000 <<<<<<
07-31 14:21:03.979 28968 28968 D AndroidRuntime: CheckJNI is OFF
07-31 14:21:04.010 28968 28968 D ICU     : No timezone override file found: /data/misc/zoneinfo/current/icu/icu_tzdata.dat
07-31 14:21:04.047 28968 28968 I Radio-JNI: register_android_hardware_Radio DONE
07-31 14:21:04.065 28968 28968 D AndroidRuntime: Calling main entry com.android.commands.input.Input
07-31 14:21:04.068 28968 28968 I Input   : injectMotionEvent: MotionEvent { action=ACTION_DOWN, actionButton=0, id[0]=0, x[0]=600.0, y[0]=1000.0, toolType[0]=TOOL_TYPE_UNKNOWN, buttonState=0, metaState=0, flags=0x0, edgeFlags=0x0, pointerCount=1, historySize=0, eventTime=42968208, downTime=42968208, deviceId=0, source=0x1002 }
07-31 14:21:04.070 28968 28968 I Input   : injectMotionEvent: MotionEvent { action=ACTION_UP, actionButton=0, id[0]=0, x[0]=600.0, y[0]=1000.0, toolType[0]=TOOL_TYPE_UNKNOWN, buttonState=0, metaState=0, flags=0x0, edgeFlags=0x0, pointerCount=1, historySize=0, eventTime=42968208, downTime=42968208, deviceId=0, source=0x1002 }
07-31 14:21:04.071 28968 28968 D AndroidRuntime: Shutting down VM
